// Bun Snapshot v1, https://goo.gl/fbAQLP

exports[`day 1 part 1 1`] = `55621`;

exports[`day 1 part 2 1`] = `53592`;
